MO bmd_v10 NULL ipcore_dir/bmd_v10/source/bmd_v10.v vlg35/bmd__v10.bin 1405927083
MO bram_common NULL ipcore_dir/bmd_v10/source/bram_common.v vlg02/bram__common.bin 1405927083
MO pcie_blk_cf NULL ipcore_dir/bmd_v10/source/pcie_blk_cf.v vlg31/pcie__blk__cf.bin 1405927083
AR aurora_v10_rx_stream rtl E:/DAS/DEC_V10/DEC_V10.ise/DEC_V10_716/ipcore_dir/aurora_v10/src/aurora_v10_rx_stream.vhd sub00/vhpl29 1405927112
MO pcie_blk_ll_arb NULL ipcore_dir/bmd_v10/source/pcie_blk_ll_arb.v vlg1C/pcie__blk__ll__arb.bin 1405927083
MO pcie_blk_cf_pwr NULL ipcore_dir/bmd_v10/source/pcie_blk_cf_pwr.v vlg39/pcie__blk__cf__pwr.bin 1405927083
MO cmm_errman_ram4x26 NULL ipcore_dir/bmd_v10/source/cmm_errman_ram4x26.v vlg4C/cmm__errman__ram4x26.bin 1405927083
MO pcie_blk_cf_mgmt NULL ipcore_dir/bmd_v10/source/pcie_blk_cf_mgmt.v vlg71/pcie__blk__cf__mgmt.bin 1405927083
EN aurora_v10_aurora_lane_4byte NULL E:/DAS/DEC_V10/DEC_V10.ise/DEC_V10_716/ipcore_dir/aurora_v10/src/aurora_v10_aurora_lane_4byte.vhd sub00/vhpl20 1405927103
MO BMD_TX_ENGINE NULL bmd1052/BMD_64_TX_ENGINE.v vlg6B/_b_m_d___t_x___e_n_g_i_n_e.bin 1405927083
MO xilinx_pci_exp_ep NULL bmd1052/xilinx_pci_exp_ep.v vlg43/xilinx__pci__exp__ep.bin 1405927083
EN aurora_v10_idle_and_ver_gen NULL E:/DAS/DEC_V10/DEC_V10.ise/DEC_V10_716/ipcore_dir/aurora_v10/src/aurora_v10_idle_and_ver_gen.vhd sub00/vhpl04 1405927087
EN aurora_v10_channel_init_sm NULL E:/DAS/DEC_V10/DEC_V10.ise/DEC_V10_716/ipcore_dir/aurora_v10/src/aurora_v10_channel_init_sm.vhd sub00/vhpl02 1405927085
EN aurora_v10_clock_module NULL E:/DAS/DEC_V10/DEC_V10.ise/DEC_V10_716/ipcore_dir/aurora_v10/example_design/clock_module/aurora_v10_clock_module.vhd sub00/vhpl30 1405927113
MO BMD_TO_CTRL NULL bmd1052/nouse/BMD_TO_CTRL.v vlg19/_b_m_d___t_o___c_t_r_l.bin 1405927083
MO pcie_blk_ll_tx_arb NULL ipcore_dir/bmd_v10/source/pcie_blk_ll_tx_arb.v vlg5F/pcie__blk__ll__tx__arb.bin 1405927083
MO BMD_RX_ENGINE NULL bmd1052/BMD_64_RX_ENGINE.v vlg29/_b_m_d___r_x___e_n_g_i_n_e.bin 1405927083
AR aurora_v10_err_detect_4byte rtl E:/DAS/DEC_V10/DEC_V10.ise/DEC_V10_716/ipcore_dir/aurora_v10/src/aurora_v10_err_detect_4byte.vhd sub00/vhpl19 1405927102
MO BMD_EP_MEM NULL bmd1052/BMD_EP_MEM.v vlg29/_b_m_d___e_p___m_e_m.bin 1405927083
MO pcie_blk_if NULL ipcore_dir/bmd_v10/source/pcie_blk_if.v vlg4F/pcie__blk__if.bin 1405927083
AR aurora_module behavioral E:/DAS/DEC_V10/DEC_V10.ise/DEC_V10_716/aurora_module.vhd sub00/vhpl39 1405927122
AR aurora_v10_chbond_count_dec_4byte rtl E:/DAS/DEC_V10/DEC_V10.ise/DEC_V10_716/ipcore_dir/aurora_v10/src/aurora_v10_chbond_count_dec_4byte.vhd sub00/vhpl13 1405927096
MO tlm_rx_data_snk_pwr_mgmt NULL ipcore_dir/bmd_v10/source/tlm_rx_data_snk_pwr_mgmt.v vlg56/tlm__rx__data__snk__pwr__mgmt.bin 1405927083
EN aurora_v10_gtx_tile NULL E:/DAS/DEC_V10/DEC_V10.ise/DEC_V10_716/ipcore_dir/aurora_v10/example_design/gt/aurora_v10_transceiver_tile.vhd sub00/vhpl08 1405927091
EN aurora_v10 NULL E:/DAS/DEC_V10/DEC_V10.ise/DEC_V10_716/ipcore_dir/aurora_v10/example_design/aurora_v10.vhd sub00/vhpl32 1405927115
PH aurora_pkg NULL E:/DAS/DEC_V10/DEC_V10.ise/DEC_V10_716/ipcore_dir/aurora_v10/src/aurora_v10_aurora_pkg.vhd sub00/vhpl00 1405927083
AR aurora_v10_aurora_lane_4byte rtl E:/DAS/DEC_V10/DEC_V10.ise/DEC_V10_716/ipcore_dir/aurora_v10/src/aurora_v10_aurora_lane_4byte.vhd sub00/vhpl21 1405927104
MO pcie_blk_ll NULL ipcore_dir/bmd_v10/source/pcie_blk_ll.v vlg64/pcie__blk__ll.bin 1405927083
EN aurora_v10_err_detect_4byte NULL E:/DAS/DEC_V10/DEC_V10.ise/DEC_V10_716/ipcore_dir/aurora_v10/src/aurora_v10_err_detect_4byte.vhd sub00/vhpl18 1405927101
MO tlm_rx_data_snk_bar NULL ipcore_dir/bmd_v10/source/tlm_rx_data_snk_bar.v vlg56/tlm__rx__data__snk__bar.bin 1405927083
MO cmm_intr NULL ipcore_dir/bmd_v10/source/cmm_intr.v vlg75/cmm__intr.bin 1405927083
EN aurora_v10_global_logic NULL E:/DAS/DEC_V10/DEC_V10.ise/DEC_V10_716/ipcore_dir/aurora_v10/src/aurora_v10_global_logic.vhd sub00/vhpl24 1405927107
MO pcie_mim_wrapper NULL ipcore_dir/bmd_v10/source/pcie_mim_wrapper.v vlg77/pcie__mim__wrapper.bin 1405927083
MO pcie_soft_cf_int NULL ipcore_dir/bmd_v10/source/pcie_soft_int.v vlg2A/pcie__soft__cf__int.bin 1405927083
EN aurora_v10_standard_cc_module NULL E:/DAS/DEC_V10/DEC_V10.ise/DEC_V10_716/ipcore_dir/aurora_v10/example_design/cc_manager/aurora_v10_standard_cc_module.vhd sub00/vhpl34 1405927117
MO cmm_errman_cpl NULL ipcore_dir/bmd_v10/source/cmm_errman_cpl.v vlg53/cmm__errman__cpl.bin 1405927083
MO cmm_errman_cor NULL ipcore_dir/bmd_v10/source/cmm_errman_cor.v vlg54/cmm__errman__cor.bin 1405927083
MO tlm_rx_data_snk NULL ipcore_dir/bmd_v10/source/tlm_rx_data_snk.v vlg2A/tlm__rx__data__snk.bin 1405927083
MO BMD_CFG_CTRL NULL bmd1052/nouse/BMD_CFG_CTRL.v vlg62/_b_m_d___c_f_g___c_t_r_l.bin 1405927083
MO pcie_gtx_wrapper NULL ipcore_dir/bmd_v10/source/pcie_gtx_wrapper.v vlg23/pcie__gtx__wrapper.bin 1405927083
MO fifo_32_512 NULL ipcore_dir/fifo_32_512.v vlg7B/fifo__32__512.bin 1405927083
AR aurora_v10_gtx_tile rtl E:/DAS/DEC_V10/DEC_V10.ise/DEC_V10_716/ipcore_dir/aurora_v10/example_design/gt/aurora_v10_transceiver_tile.vhd sub00/vhpl09 1405927092
AR aurora_v10_lane_init_sm_4byte rtl E:/DAS/DEC_V10/DEC_V10.ise/DEC_V10_716/ipcore_dir/aurora_v10/src/aurora_v10_lane_init_sm_4byte.vhd sub00/vhpl11 1405927094
AR aurora_v10_channel_err_detect rtl E:/DAS/DEC_V10/DEC_V10.ise/DEC_V10_716/ipcore_dir/aurora_v10/src/aurora_v10_channel_err_detect.vhd sub00/vhpl07 1405927090
MO pcie_blk_cf_err NULL ipcore_dir/bmd_v10/source/pcie_blk_cf_err.v vlg0D/pcie__blk__cf__err.bin 1405927083
EN aurora_v10_sym_dec_4byte NULL E:/DAS/DEC_V10/DEC_V10.ise/DEC_V10_716/ipcore_dir/aurora_v10/src/aurora_v10_sym_dec_4byte.vhd sub00/vhpl16 1405927099
MO BMD_INTR_CTRL NULL bmd1052/BMD_INTR_CTRL.v vlg07/_b_m_d___i_n_t_r___c_t_r_l.bin 1405927083
AR aurora_v10_sym_dec_4byte rtl E:/DAS/DEC_V10/DEC_V10.ise/DEC_V10_716/ipcore_dir/aurora_v10/src/aurora_v10_sym_dec_4byte.vhd sub00/vhpl17 1405927100
MO pcie_blk_plus_ll_rx NULL ipcore_dir/bmd_v10/source/pcie_blk_plus_ll_rx.v vlg20/pcie__blk__plus__ll__rx.bin 1405927083
MO cmm_errman_cnt_en NULL ipcore_dir/bmd_v10/source/cmm_errman_cnt_en.v vlg3B/cmm__errman__cnt__en.bin 1405927083
MO BMD_EP NULL bmd1052/BMD_EP.v vlg4B/_b_m_d___e_p.bin 1405927083
AR aurora_v10_sym_gen_4byte rtl E:/DAS/DEC_V10/DEC_V10.ise/DEC_V10_716/ipcore_dir/aurora_v10/src/aurora_v10_sym_gen_4byte.vhd sub00/vhpl15 1405927098
AR dec_top behavioral E:/DAS/DEC_V10/DEC_V10.ise/DEC_V10_716/DEC_TOP.vhd sub00/vhpl41 1405927124
MO pcie_gt_wrapper NULL ipcore_dir/bmd_v10/source/pcie_gt_wrapper.v vlg4F/pcie__gt__wrapper.bin 1405927083
MO pcie_clocking NULL ipcore_dir/bmd_v10/source/pcie_clocking.v vlg4E/pcie__clocking.bin 1405927083
MO pcie_blk_plus_ll_tx NULL ipcore_dir/bmd_v10/source/pcie_blk_plus_ll_tx.v vlg2A/pcie__blk__plus__ll__tx.bin 1405927083
EN aurora_v10_channel_err_detect NULL E:/DAS/DEC_V10/DEC_V10.ise/DEC_V10_716/ipcore_dir/aurora_v10/src/aurora_v10_channel_err_detect.vhd sub00/vhpl06 1405927089
MO pcie_blk_ll_credit NULL ipcore_dir/bmd_v10/source/pcie_blk_ll_credit.v vlg52/pcie__blk__ll__credit.bin 1405927083
PB aurora_pkg aurora_pkg E:/DAS/DEC_V10/DEC_V10.ise/DEC_V10_716/ipcore_dir/aurora_v10/src/aurora_v10_aurora_pkg.vhd sub00/vhpl01 1405927084
MO cmm_errman_ram8x26 NULL ipcore_dir/bmd_v10/source/cmm_errman_ram8x26.v vlg40/cmm__errman__ram8x26.bin 1405927083
AR aurora_v10_channel_init_sm rtl E:/DAS/DEC_V10/DEC_V10.ise/DEC_V10_716/ipcore_dir/aurora_v10/src/aurora_v10_channel_init_sm.vhd sub00/vhpl03 1405927086
MO fifo_32_64 NULL ipcore_dir/fifo_32_64.v vlg7D/fifo__32__64.bin 1405927083
EN aurora_v10_lane_init_sm_4byte NULL E:/DAS/DEC_V10/DEC_V10.ise/DEC_V10_716/ipcore_dir/aurora_v10/src/aurora_v10_lane_init_sm_4byte.vhd sub00/vhpl10 1405927093
MO TX_SYNC NULL ipcore_dir/bmd_v10/source/tx_sync_gtx.v vlg1C/_t_x___s_y_n_c.bin 1405927083
MO cmm_decoder NULL ipcore_dir/bmd_v10/source/cmm_decoder.v vlg4E/cmm__decoder.bin 1405927083
MO prod_fixes NULL ipcore_dir/bmd_v10/source/prod_fixes.v vlg03/prod__fixes.bin 1405927083
MO sync_fifo NULL ipcore_dir/bmd_v10/source/sync_fifo.v vlg20/sync__fifo.bin 1405927083
AR aurora_v10_tx_stream rtl E:/DAS/DEC_V10/DEC_V10.ise/DEC_V10_716/ipcore_dir/aurora_v10/src/aurora_v10_tx_stream.vhd sub00/vhpl27 1405927110
AR aurora_v10_clock_module mapped E:/DAS/DEC_V10/DEC_V10.ise/DEC_V10_716/ipcore_dir/aurora_v10/example_design/clock_module/aurora_v10_clock_module.vhd sub00/vhpl31 1405927114
MO extend_clk NULL ipcore_dir/bmd_v10/source/extend_clk.v vlg41/extend__clk.bin 1405927083
EN aurora_module NULL E:/DAS/DEC_V10/DEC_V10.ise/DEC_V10_716/aurora_module.vhd sub00/vhpl38 1405927121
MO tlm_rx_data_snk_mal NULL ipcore_dir/bmd_v10/source/tlm_rx_data_snk_mal.v vlg63/tlm__rx__data__snk__mal.bin 1405927083
MO pci_exp_64b_app NULL bmd1052/v5_blk_plus_pci_exp_64b_app.v vlg6B/pci__exp__64b__app.bin 1405927083
MO TX_SYNC_GTP NULL ipcore_dir/bmd_v10/source/tx_sync_gtp.v vlg22/_t_x___s_y_n_c___g_t_p.bin 1405927083
MO BMD_EP_MEM_ACCESS NULL bmd1052/BMD_EP_MEM_ACCESS.v vlg7A/_b_m_d___e_p___m_e_m___a_c_c_e_s_s.bin 1405927083
AR aurora_v10_global_logic mapped E:/DAS/DEC_V10/DEC_V10.ise/DEC_V10_716/ipcore_dir/aurora_v10/src/aurora_v10_global_logic.vhd sub00/vhpl25 1405927108
MO my_SRL16E NULL ipcore_dir/bmd_v10/source/pcie_blk_ll_credit.v vlg02/my___s_r_l16_e.bin 1405927083
MO reset_logic NULL ipcore_dir/bmd_v10/source/pcie_reset_logic.v vlg2C/reset__logic.bin 1405927083
EN dec_top NULL E:/DAS/DEC_V10/DEC_V10.ise/DEC_V10_716/DEC_TOP.vhd sub00/vhpl40 1405927123
MO pcie_blk_ll_oqbqfifo NULL ipcore_dir/bmd_v10/source/pcie_blk_ll_oqbqfifo.v vlg16/pcie__blk__ll__oqbqfifo.bin 1405927083
EN aurora_v10_gtx_wrapper NULL E:/DAS/DEC_V10/DEC_V10.ise/DEC_V10_716/ipcore_dir/aurora_v10/example_design/gt/aurora_v10_transceiver_wrapper.vhd sub00/vhpl22 1405927105
EN aurora_v10_reset_logic NULL E:/DAS/DEC_V10/DEC_V10.ise/DEC_V10_716/ipcore_dir/aurora_v10/example_design/aurora_v10_reset_logic.vhd sub00/vhpl36 1405927119
MO pcie_top_wrapper NULL ipcore_dir/bmd_v10/source/pcie_top.v vlg47/pcie__top__wrapper.bin 1405927083
EN aurora_v10_tx_stream NULL E:/DAS/DEC_V10/DEC_V10.ise/DEC_V10_716/ipcore_dir/aurora_v10/src/aurora_v10_tx_stream.vhd sub00/vhpl26 1405927109
EN aurora_v10_chbond_count_dec_4byte NULL E:/DAS/DEC_V10/DEC_V10.ise/DEC_V10_716/ipcore_dir/aurora_v10/src/aurora_v10_chbond_count_dec_4byte.vhd sub00/vhpl12 1405927095
AR aurora_v10_gtx_wrapper behavioral E:/DAS/DEC_V10/DEC_V10.ise/DEC_V10_716/ipcore_dir/aurora_v10/example_design/gt/aurora_v10_transceiver_wrapper.vhd sub00/vhpl23 1405927106
AR aurora_v10_reset_logic mapped E:/DAS/DEC_V10/DEC_V10.ise/DEC_V10_716/ipcore_dir/aurora_v10/example_design/aurora_v10_reset_logic.vhd sub00/vhpl37 1405927120
MO pcie_blk_ll_tx NULL ipcore_dir/bmd_v10/source/pcie_blk_ll_tx.v vlg57/pcie__blk__ll__tx.bin 1405927083
MO pcie_ep_top NULL ipcore_dir/bmd_v10/source/pcie_ep.v vlg0B/pcie__ep__top.bin 1405927083
MO BMD NULL bmd1052/BMD.v vlg37/_b_m_d.bin 1405927083
MO pcie_blk_cf_arb NULL ipcore_dir/bmd_v10/source/pcie_blk_cf_arb.v vlg19/pcie__blk__cf__arb.bin 1405927083
AR aurora_v10_idle_and_ver_gen rtl E:/DAS/DEC_V10/DEC_V10.ise/DEC_V10_716/ipcore_dir/aurora_v10/src/aurora_v10_idle_and_ver_gen.vhd sub00/vhpl05 1405927088
MO cmm_errman_ftl NULL ipcore_dir/bmd_v10/source/cmm_errman_ftl.v vlg32/cmm__errman__ftl.bin 1405927083
EN aurora_v10_rx_stream NULL E:/DAS/DEC_V10/DEC_V10.ise/DEC_V10_716/ipcore_dir/aurora_v10/src/aurora_v10_rx_stream.vhd sub00/vhpl28 1405927111
EN aurora_v10_sym_gen_4byte NULL E:/DAS/DEC_V10/DEC_V10.ise/DEC_V10_716/ipcore_dir/aurora_v10/src/aurora_v10_sym_gen_4byte.vhd sub00/vhpl14 1405927097
MO pcie_gt_wrapper_top NULL ipcore_dir/bmd_v10/source/pcie_gt_wrapper_top.v vlg31/pcie__gt__wrapper__top.bin 1405927083
AR aurora_v10_standard_cc_module rtl E:/DAS/DEC_V10/DEC_V10.ise/DEC_V10_716/ipcore_dir/aurora_v10/example_design/cc_manager/aurora_v10_standard_cc_module.vhd sub00/vhpl35 1405927118
AR aurora_v10 mapped E:/DAS/DEC_V10/DEC_V10.ise/DEC_V10_716/ipcore_dir/aurora_v10/example_design/aurora_v10.vhd sub00/vhpl33 1405927116
